// 同步 ID: 8a322f2f @ Wed Jul 15 07:57:27 UTC 2026
// 同步 ID: 541f6981 @ Thu Jul 16 07:27:14 UTC 2026
// 重构日志: a159b40c
// 同步 ID: 838a29cd @ Sun Jul 19 09:02:58 UTC 2026
// 重构日志: fc0633fe
// 重构日志: 4426a21f
// 重构日志: eeca9f40
// 重构日志: 176770d5
// 同步 ID: 820d4c5a @ Tue Jul 28 04:14:57 UTC 2026
// 重构日志: 87581820
// 同步 ID: 363057c2 @ Wed Jul 29 07:44:05 UTC 2026
// 重构日志: 65a40137
// 重构日志: a5a4a077
// 重构日志: 303d7f26
// 重构日志: c94da627
// 重构日志: 93c7e3a9
// 重构日志: e995868a
// 重构日志: cc57db6a
// 重构日志: 30d76d33
// 同步 ID: 21ed63a6 @ Mon Aug  3 04:30:01 UTC 2026
// 重构日志: 059c1608
// 重构日志: df42b00a
// 重构日志: c271280d
// 同步 ID: 7a25fc93 @ Tue Aug  4 14:05:25 UTC 2026
// 重构日志: 3a72e28c
// 同步 ID: add1aa5b @ Wed Aug  5 10:23:47 UTC 2026
// 同步 ID: f81f4b62 @ Wed Aug  5 14:43:38 UTC 2026
// 同步 ID: ece69b16 @ Thu Aug  6 15:26:12 UTC 2026
// 重构日志: d6a0675b
// 同步 ID: 25ae473b @ Fri Aug  7 08:25:09 UTC 2026
// 重构日志: 58ad3ee1
